// Jest Snapshot v1, https://goo.gl/fbAQLP

exports[`App component renders as expected 1`] = `<AppLoading />`;

exports[`App component renders as expected 2`] = `
<View
  style={
    Object {
      "alignItems": "center",
      "backgroundColor": "#ecf0f1",
      "flex": 1,
      "justifyContent": "center",
    }
  }
>
  <App />
</View>
`;
